---
source: tests/tests/build.rs
expression: contents
---
<roblox version="4">
  <Item class="Folder" referent="0">
    <Properties>
      <string name="Name">issue_546</string>
    </Properties>
    <Item class="LocalScript" referent="1">
      <Properties>
        <string name="Name">init</string>
        <bool name="Disabled">true</bool>
        <string name="Source">print("Hello, world!")</string>
      </Properties>
    </Item>
  </Item>
</roblox>
