---
source: tests/tests/build.rs
expression: contents
---
<roblox version="4">
  <Item class="Folder" referent="0">
    <Properties>
      <string name="Name">client_init</string>
    </Properties>
    <Item class="LocalScript" referent="1">
      <Properties>
        <string name="Name">init</string>
        <string name="Source">return "From folder/init.client.lua"</string>
      </Properties>
    </Item>
  </Item>
</roblox>
